// Jest Snapshot v1, https://goo.gl/fbAQLP

exports[`App renders 1`] = `
<div
  className="container test"
>
  <p
    className="test"
  >
    Hello world
  </p>
</div>
`;
